[5.dw0.cn/198859.html]
[backblue.gif]
[fade.gif]
[index.html]
[s3-us-west-2.amazonaws.com/s.cdpn.io/329180/firework-burst-icon-v2.png]
[5.dw0.cn/static/knyh/css/main.css]
[dy.dw0.cn/uploads/20231231/f4be1a68f69532b70a0ebab80bbe1dcf.png_; filename_=utf-8''f4be1a68f69532b70a0ebab80bbe1dcf.png]
[5.dw0.cn/static/knyh/js/fscreen@1.0.1.js]
[5.dw0.cn/static/knyh/js/jquery.min.js]
[5.dw0.cn/static/knyh/js/Stage@0.1.4.js]
[5.dw0.cn/static/knyh/js/MyMath.js]
[dy.dw0.cn/uploads/20250125/8abb9fe0aec685843410c862968ea221.jpg_; filename_=utf-8''8abb9fe0aec685843410c862968ea221.jpg]
[5.dw0.cn/198859.html]
[5.dw0.cn/static/knyh/css/main.css]
[5.dw0.cn/static/knyh/js/script.js]
[5.dw0.cn/Trident/index.html]
[sdk.51.la/js-sdk-pro.min.js]
[5.dw0.cn/index.html]
[5.dw0.cn/static/knyh/images/common.html]
[5.dw0.cn/Trident/index.html]
[5.dw0.cn/Edge/index.html]
[5.dw0.cn/Edge/index.html]
[5.dw0.cn/js-sdk-pro.min.html]
[5.dw0.cn/js-sdk-event.min076c.html]
[5.dw0.cn/js-sdk-recorder.minec92.html]
